../Core/Src/main.c:88:5:main	392	static
../Core/Src/main.c:193:6:SystemClock_Config	88	static
../Core/Src/main.c:240:13:MX_ADC1_Init	24	static
../Core/Src/main.c:301:13:MX_I2C1_Init	8	static
../Core/Src/main.c:335:13:MX_TIM2_Init	32	static
../Core/Src/main.c:380:13:MX_TIM3_Init	64	static
../Core/Src/main.c:439:13:MX_USART2_UART_Init	8	static
../Core/Src/main.c:470:13:MX_DMA_Init	16	static
../Core/Src/main.c:495:13:MX_GPIO_Init	48	static
../Core/Src/main.c:544:11:joystick_direction	4	static
../Core/Src/main.c:559:6:sound	8	static
../Core/Src/main.c:571:6:HAL_TIM_PeriodElapsedCallback	16	static
../Core/Src/main.c:582:6:Error_Handler	4	static,ignoring_inline_asm
