../Core/Src/main.c:104:5:main	32	static
../Core/Src/main.c:247:6:SystemClock_Config	88	static
../Core/Src/main.c:294:13:MX_ADC1_Init	24	static
../Core/Src/main.c:355:13:MX_I2C1_Init	8	static
../Core/Src/main.c:389:13:MX_TIM2_Init	32	static
../Core/Src/main.c:434:13:MX_TIM3_Init	64	static
../Core/Src/main.c:493:13:MX_TIM4_Init	32	static
../Core/Src/main.c:538:13:MX_USART2_UART_Init	8	static
../Core/Src/main.c:569:13:MX_DMA_Init	16	static
../Core/Src/main.c:594:13:MX_GPIO_Init	48	static
../Core/Src/main.c:653:11:joystick_direction	4	static
../Core/Src/main.c:669:6:HAL_GPIO_EXTI_Callback	24	static
../Core/Src/main.c:699:6:HAL_TIM_PeriodElapsedCallback	16	static
../Core/Src/main.c:711:6:snd_start	16	static
../Core/Src/main.c:725:6:snd_eat	16	static
../Core/Src/main.c:734:6:snd_win	16	static
../Core/Src/main.c:745:6:snd_lose	16	static
../Core/Src/main.c:756:5:presForFrequency	16	static
../Core/Src/main.c:768:6:Error_Handler	4	static,ignoring_inline_asm
